|  RAM[0]  | RAM[256] |
|     257  |       0  |
|     257  |       1  |
